 
 gcc -g p3final.c
 ./a.out
enter any number
8
8 is composite gdb a.out
GNU gdb (Ubuntu 8.1.1-0ubuntu1) 8.1.1
Copyright (C) 2018 Free Software Foundation, Inc.
License GPLv3+: GNU GPL version 3 or later <http://gnu.org/licenses/gpl.html>
This is free software: you are free to change and redistribute it.
There is NO WARRANTY, to the extent permitted by law.  Type "show copying"
and "show warranty" for details.
This GDB was configured as "x86_64-linux-gnu".
Type "show configuration" for configuration details.
For bug reporting instructions, please see:
<http://www.gnu.org/software/gdb/bugs/>.
Find the GDB manual and other documentation resources online at:
<http://www.gnu.org/software/gdb/documentation/>.
For help, type "help".
Type "apropos word" to search for commands related to "word"...
Reading symbols from a.out...done.
(gdb) b main
Breakpoint 1 at 0x83e: file p3final.c, line 34.
(gdb) r
Starting program: /home/runner/IA2-Test1-Session2-3/a.out 
warning: Error disabling address space randomization: Operation not permitted

Breakpoint 1, main () at p3final.c:34
34    n=input_number();
(gdb) s
input_number () at p3final.c:4
4   {
(gdb) n
6     printf("enter any number\n");
(gdb) n
enter any number
7     scanf("%d",&n);
(gdb) n
8
8     return n;
(gdb) n
9   }
(gdb) n
main () at p3final.c:35
35    composite=is_composite(n);
(gdb) p n
$1 = 8
(gdb) s
is_composite (n=8) at p3final.c:13
13    for(i=2;i<n;i++)
(gdb) n
15      if(n%i==0)
(gdb) n
17        return (1);
(gdb) n
23  }
(gdb) s
main () at p3final.c:36
36    output(n,composite);
(gdb) s
output (n=8, composite=1) at p3final.c:26
26    if(composite==1)
(gdb) n
27    printf("%d is composite",n);
(gdb) n
30  }
(gdb) p i
No symbol "i" in current context.
(gdb) s
main () at p3final.c:37
37    return 0;
(gdb) n
38  }(gdb) c
Continuing.
8 is composite[Inferior 1 (process 38) exited normally]
(gdb) 
The program is not being run.
(gdb) 
